// Jest Snapshot v1, https://goo.gl/fbAQLP

exports[`Should render RemoveExpenseModal correclty 1`] = `
<Modal
  ariaHideApp={false}
  bodyOpenClassName="ReactModal__Body--open"
  className="modal"
  closeTimeoutMS={200}
  contentElement={[Function]}
  contentLabel="Remove expense"
  isOpen={false}
  onRequestClose={[MockFunction]}
  overlayElement={[Function]}
  parentSelector={[Function]}
  portalClassName="ReactModalPortal"
  preventScroll={false}
  role="dialog"
  shouldCloseOnEsc={true}
  shouldCloseOnOverlayClick={true}
  shouldFocusAfterRender={true}
  shouldReturnFocusAfterClose={true}
>
  <h3
    className="modal__title"
  >
    Remove expense
  </h3>
  Are you sure you want to remove 
  <strong>
    Rent
  </strong>
   expense?
  <div
    className="modal__actions"
  >
    <button
      className="button button--danger"
      id="remove"
      onClick={[Function]}
    >
      Remove
    </button>
    <button
      className="button button--secondary"
      onClick={[MockFunction]}
    >
      Cancel
    </button>
  </div>
</Modal>
`;
